COMPREHENSIVE TEST REPORT
======================================================================
Generated: 2026-01-09T15:22:44.161862


UNIT_TESTS
----------------------------------------------------------------------
{'success': False, 'error': None}

INTEGRATION_TESTS
----------------------------------------------------------------------
{'success': False, 'error': None}

CODE_QUALITY
----------------------------------------------------------------------
{'success': False, 'total_issues': 660, 'critical_issues': 117, 'error': None}
